
> milestone3@0.0.0 build
> vite build

[36mvite v7.3.1 [32mbuilding client environment for production...[36m[39m
transforming...
[32mΓ£ô[39m 47 modules transformed.
Γ£ù Build failed in 914ms
error during build:
Could not resolve "../../context/ScenarioContext" from "src/pages/DashboardOverview.jsx"
file: C:/Users/aniru/Downloads/milestone3/src/pages/DashboardOverview.jsx
    at getRollupError (file:///C:/Users/aniru/Downloads/milestone3/node_modules/rollup/dist/es/shared/parseAst.js:402:41)
    at error (file:///C:/Users/aniru/Downloads/milestone3/node_modules/rollup/dist/es/shared/parseAst.js:398:42)
    at ModuleLoader.handleInvalidResolvedId (file:///C:/Users/aniru/Downloads/milestone3/node_modules/rollup/dist/es/shared/node-entry.js:21710:24)
    at file:///C:/Users/aniru/Downloads/milestone3/node_modules/rollup/dist/es/shared/node-entry.js:21670:26
